// Jest Snapshot v1, https://goo.gl/fbAQLP

exports[`Persona renders 1`] = `
<Memo(CanvasPersona)
  ariaLabel=""
  imageAlt="Annie Lindqvist, status is blocked"
  imageInitials="AL"
  imageUrl="https://static2.sharepointonline.com/files/fabric/office-ui-fabric-react-assets/persona-female.png"
  initialsColor={1}
  optionalText="Available at 4:00pm"
  presence={3}
  secondaryText="Software Engineer"
  size={18}
  tertiaryText="In a meeting"
  text="Annie Lindqvist"
  themeJSON=""
/>
`;

exports[`Persona theme 1`] = `
<div
  className=

      {
        -moz-osx-font-smoothing: grayscale;
        -webkit-font-smoothing: antialiased;
        background: #ffffff;
        color: #323130;
        font-family: 'Segoe UI', 'Segoe UI Web (West European)', 'Segoe UI', -apple-system, BlinkMacSystemFont, 'Roboto', 'Helvetica Neue', sans-serif;
        font-size: 14px;
        font-weight: 400;
      }
>
  <div
    className=
        ms-Persona
        ms-Persona--size120
        ms-Persona--away
        {
          -moz-osx-font-smoothing: grayscale;
          -webkit-font-smoothing: antialiased;
          align-items: center;
          box-shadow: none;
          box-sizing: border-box;
          color: #323130;
          display: flex;
          font-family: 'Segoe UI', 'Segoe UI Web (West European)', 'Segoe UI', -apple-system, BlinkMacSystemFont, 'Roboto', 'Helvetica Neue', sans-serif;
          font-size: 14px;
          font-weight: 400;
          height: 120px;
          margin-bottom: 0px;
          margin-left: 0px;
          margin-right: 0px;
          margin-top: 0px;
          min-width: 120px;
          padding-bottom: 0px;
          padding-left: 0px;
          padding-right: 0px;
          padding-top: 0px;
          position: relative;
        }
        & .contextualHost {
          display: none;
        }
  >
    <div
      className=
          ms-Persona-coin
          ms-Persona--size120
          {
            -moz-osx-font-smoothing: grayscale;
            -webkit-font-smoothing: antialiased;
            font-family: 'Segoe UI', 'Segoe UI Web (West European)', 'Segoe UI', -apple-system, BlinkMacSystemFont, 'Roboto', 'Helvetica Neue', sans-serif;
            font-size: 14px;
            font-weight: 400;
          }
      role="presentation"
    >
      <div
        className=
            ms-Persona-imageArea
            {
              flex: 0 0 auto;
              height: 120px;
              position: relative;
              text-align: center;
              width: 120px;
            }
        role="presentation"
      >
        <div
          className=
              ms-Image
              ms-Persona-image
              {
                -moz-osx-font-smoothing: grayscale;
                -webkit-font-smoothing: antialiased;
                border-radius: 50%;
                border: 0px;
                font-family: 'Segoe UI', 'Segoe UI Web (West European)', 'Segoe UI', -apple-system, BlinkMacSystemFont, 'Roboto', 'Helvetica Neue', sans-serif;
                font-size: 14px;
                font-weight: 400;
                height: 120px;
                left: 0px;
                margin-right: 10px;
                overflow: hidden;
                perspective: 1px;
                position: absolute;
                top: 0px;
                width: 120px;
              }
          style={
            Object {
              "height": 120,
              "width": 120,
            }
          }
        >
          <img
            alt="Annie Lindqvist, status is blocked"
            className=
                ms-Image-image
                ms-Image-image--cover
                ms-Image-image--portrait
                is-notLoaded
                is-fadeIn
                {
                  display: block;
                  height: 100%;
                  object-fit: cover;
                  opacity: 0;
                  width: 100%;
                }
            onError={[Function]}
            onLoad={[Function]}
            src="https://static2.sharepointonline.com/files/fabric/office-ui-fabric-react-assets/persona-female.png"
          />
        </div>
        <div
          className=
              ms-Persona-presence
              {
                -ms-high-contrast-adjust: none;
                background-clip: border-box;
                background-color: #FFAA44;
                border-radius: 50%;
                border: 2px solid #ffffff;
                bottom: -2px;
                box-sizing: content-box;
                forced-color-adjust: none;
                height: 32px;
                position: absolute;
                right: -2px;
                text-align: center;
                top: auto;
                width: 32px;
              }
              @media screen and (-ms-high-contrast: active), screen and (forced-colors: active){& {
                background-color: WindowText;
                border-color: Window;
              }
          role="presentation"
        >
          <i
            aria-hidden={true}
            className=
                ms-Persona-presenceIcon
                {
                  -moz-osx-font-smoothing: grayscale;
                  -webkit-font-smoothing: antialiased;
                  color: #ffffff;
                  display: inline-block;
                  font-family: "FabricMDL2Icons";
                  font-size: 14px;
                  font-style: normal;
                  font-weight: normal;
                  left: 1px;
                  line-height: 32px;
                  position: relative;
                  speak: none;
                  vertical-align: top;
                }
                @media screen and (-ms-high-contrast: active), screen and (forced-colors: active){& {
                  color: Window;
                }
            data-icon-name="SkypeClock"
          >
            ÓæÅ
          </i>
        </div>
      </div>
    </div>
    <div
      className=
          ms-Persona-details
          {
            display: flex;
            flex-direction: column;
            justify-content: space-around;
            min-width: 0px;
            padding-bottom: 0;
            padding-left: 16px;
            padding-right: 24px;
            padding-top: 0;
            text-align: left;
            width: 100%;
          }
    >
      <div
        className=
            ms-Persona-primaryText
            {
              color: #323130;
              font-size: 20px;
              font-weight: 400;
              overflow: hidden;
              text-overflow: ellipsis;
              white-space: nowrap;
            }
            &:hover {
              color: #201f1e;
            }
        dir="auto"
      >
        <div
          className=
              ms-TooltipHost
              {
                display: inline;
              }
          onBlurCapture={[Function]}
          onFocusCapture={[Function]}
          onKeyDown={[Function]}
          onMouseEnter={[Function]}
          onMouseLeave={[Function]}
          role="none"
        >
          Annie Lindqvist
        </div>
      </div>
      <div
        className=
            ms-Persona-secondaryText
            {
              color: #605e5c;
              font-size: 14px;
              font-weight: 400;
              overflow: hidden;
              text-overflow: ellipsis;
              white-space: nowrap;
            }
        dir="auto"
      >
        <div
          className=
              ms-TooltipHost
              {
                display: inline;
              }
          onBlurCapture={[Function]}
          onFocusCapture={[Function]}
          onKeyDown={[Function]}
          onMouseEnter={[Function]}
          onMouseLeave={[Function]}
          role="none"
        >
          Software Engineer
        </div>
      </div>
      <div
        className=
            ms-Persona-tertiaryText
            {
              color: #605e5c;
              display: block;
              font-size: 14px;
              font-weight: 400;
              overflow: hidden;
              text-overflow: ellipsis;
              white-space: nowrap;
            }
        dir="auto"
      >
        <div
          className=
              ms-TooltipHost
              {
                display: inline;
              }
          onBlurCapture={[Function]}
          onFocusCapture={[Function]}
          onKeyDown={[Function]}
          onMouseEnter={[Function]}
          onMouseLeave={[Function]}
          role="none"
        >
          In a meeting
        </div>
      </div>
      <div
        className=
            ms-Persona-optionalText
            {
              color: #605e5c;
              display: block;
              font-size: 14px;
              font-weight: 400;
              overflow: hidden;
              text-overflow: ellipsis;
              white-space: nowrap;
            }
        dir="auto"
      >
        <div
          className=
              ms-TooltipHost
              {
                display: inline;
              }
          onBlurCapture={[Function]}
          onFocusCapture={[Function]}
          onKeyDown={[Function]}
          onMouseEnter={[Function]}
          onMouseLeave={[Function]}
          role="none"
        >
          Available at 4:00pm
        </div>
      </div>
    </div>
  </div>
</div>
`;
