// Jest Snapshot v1, https://goo.gl/fbAQLP

exports[`Shimmer theme 1`] = `
<div
  className=

      {
        padding-bottom: 2px;
        padding-left: 2px;
        padding-right: 2px;
        padding-top: 2px;
        width: -1px;
      }
      & > .ms-Shimmer-container {
        margin-bottom: 10px;
        margin-left: 0;
        margin-right: 0;
        margin-top: 10px;
      }
      {
        -moz-osx-font-smoothing: grayscale;
        -webkit-font-smoothing: antialiased;
        background: #ffffff;
        color: #323130;
        font-family: 'Segoe UI', 'Segoe UI Web (West European)', 'Segoe UI', -apple-system, BlinkMacSystemFont, 'Roboto', 'Helvetica Neue', sans-serif;
        font-size: 14px;
        font-weight: 400;
      }
/>
`;
